// Jest Snapshot v1, https://goo.gl/fbAQLP

exports[`renders learn react link 1`] = `
<div
  className="header"
>
  <h1
    className="title"
  >
    Welcome to the Pokedex!
  </h1>
</div>
`;
