// Jest Snapshot v1, https://goo.gl/fbAQLP

exports[`renders sort selector 1`] = `
<div
  className="sort"
>
  <div
    className="sortOrder"
  >
    <p>
      Display Order:
    </p>
    <select>
      <option
        value="asc"
      >
        Low to High
      </option>
      <option
        value="desc"
      >
        High to Low
      </option>
    </select>
  </div>
  <div
    className="sortBy"
  >
    <p>
      Sort By:
    </p>
    <select>
      <option
        value="id"
      >
        ID
      </option>
      <option
        value="attack"
      >
        Attack
      </option>
      <option
        value="defense"
      >
        Defense
      </option>
    </select>
  </div>
</div>
`;
